这是一个测试文件，用于测试 edit 工具。
创建时间: 2026-01-29
multi_edit 工具测试成功！
